JSON_F52E2B61-18A1-11d1-B105-00805F49916B
----------------------------------------------------------------------------------------------------------------------------------------------------------------------------------------------------------------------------------------------------------------
[{"product_variant_id":1,"model":"HL Road Frame","variant_name":"HL Road Frame - Black, 58","category":"Components","finished_goods_flag":true},{"product_variant_id":2,"model":"HL Road Frame","variant_name":"HL Road Frame - Red, 58","category":"Components"
dard_cost":13.88,"finished_goods_flag":true},{"product_variant_id":13,"model":"Sport-100","variant_name":"Sport-100 Helmet, Blue","category":"Accessories","list_price":34.99,"standard_cost":13.09,"finished_goods_flag":true},{"product_variant_id":14,"model"
andard_cost":31.72,"finished_goods_flag":true},{"product_variant_id":24,"model":"Long-Sleeve Logo Jersey","variant_name":"Long-Sleeve Logo Jersey, L","category":"Clothing","list_price":48.07,"standard_cost":29.08,"finished_goods_flag":true},{"product_varia
d, 44","category":"Components","list_price":1431.50,"standard_cost":868.63,"finished_goods_flag":true},{"product_variant_id":35,"model":"HL Road Frame","variant_name":"HL Road Frame - Red, 48","category":"Components","list_price":1263.46,"standard_cost":74
oad Frame - Black, 58","category":"Components","list_price":306.56,"standard_cost":170.14,"finished_goods_flag":true},{"product_variant_id":46,"model":"LL Road Frame","variant_name":"LL Road Frame - Black, 58","category":"Components","list_price":337.22,"s
ariant_name":"LL Road Frame - Red, 48","category":"Components","list_price":337.22,"standard_cost":187.16,"finished_goods_flag":true},{"product_variant_id":57,"model":"LL Road Frame","variant_name":"LL Road Frame - Red, 52","category":"Components","list_pr
"variant_name":"ML Road Frame - Red, 52","category":"Components","list_price":594.83,"standard_cost":352.14,"finished_goods_flag":true},{"product_variant_id":68,"model":"ML Road Frame","variant_name":"ML Road Frame - Red, 58","category":"Components","list_
":"LL Road Frame","variant_name":"LL Road Frame - Black, 52","category":"Components","list_price":337.22,"standard_cost":204.63,"finished_goods_flag":true},{"product_variant_id":79,"model":"HL Mountain Frame","variant_name":"HL Mountain Frame - Silver, 42"
gory":"Components","list_price":1226.91,"standard_cost":653.70,"finished_goods_flag":true},{"product_variant_id":89,"model":"HL Mountain Frame","variant_name":"HL Mountain Frame - Black, 42","category":"Components","list_price":1349.60,"standard_cost":739.
_goods_flag":true},{"product_variant_id":99,"model":"HL Mountain Frame","variant_name":"HL Mountain Frame - Silver, 38","category":"Components","list_price":1240.45,"standard_cost":660.91,"finished_goods_flag":true},{"product_variant_id":100,"model":"HL Mo
gory":"Bikes","list_price":1457.99,"standard_cost":884.71,"finished_goods_flag":true},{"product_variant_id":111,"model":"Road-650","variant_name":"Road-650 Red, 58","category":"Bikes","list_price":699.10,"standard_cost":413.15,"finished_goods_flag":true},{
":"Bikes","list_price":782.99,"standard_cost":486.71,"finished_goods_flag":true},{"product_variant_id":123,"model":"Road-650","variant_name":"Road-650 Black, 58","category":"Bikes","list_price":699.10,"standard_cost":413.15,"finished_goods_flag":true},{"pr
lack, 52","category":"Bikes","list_price":782.99,"standard_cost":486.71,"finished_goods_flag":true},{"product_variant_id":135,"model":"Mountain-100","variant_name":"Mountain-100 Silver, 38","category":"Bikes","list_price":3399.99,"standard_cost":1912.15,"f
ice":2071.42,"standard_cost":1117.86,"finished_goods_flag":true},{"product_variant_id":146,"model":"Mountain-200","variant_name":"Mountain-200 Silver, 42","category":"Bikes","list_price":2319.99,"standard_cost":1265.62,"finished_goods_flag":true},{"product
ished_goods_flag":true},{"product_variant_id":157,"model":"Mountain-300","variant_name":"Mountain-300 Black, 44","category":"Bikes","list_price":1079.99,"standard_cost":598.44,"finished_goods_flag":true},{"product_variant_id":158,"model":"Mountain-300","va
ist_price":2181.56,"standard_cost":1320.68,"finished_goods_flag":true},{"product_variant_id":169,"model":"Road-250","variant_name":"Road-250 Black, 52","category":"Bikes","list_price":2443.35,"standard_cost":1554.95,"finished_goods_flag":true},{"product_va
model":"Road-550-W","variant_name":"Road-550-W Yellow, 48","category":"Bikes","list_price":1000.44,"standard_cost":605.65,"finished_goods_flag":true},{"product_variant_id":181,"model":"Road-550-W","variant_name":"Road-550-W Yellow, 48","category":"Bikes","
":61.92,"standard_cost":27.49,"finished_goods_flag":true},{"product_variant_id":192,"model":"HL Mountain Handlebars","variant_name":"HL Mountain Handlebars","category":"Components","list_price":109.34,"standard_cost":48.55,"finished_goods_flag":true},{"pro
nt Wheel","category":"Components","list_price":209.03,"standard_cost":92.81,"finished_goods_flag":true},{"product_variant_id":203,"model":"HL Mountain Front Wheel","variant_name":"HL Mountain Front Wheel","category":"Components","list_price":300.22,"standa
id":213,"model":"LL Road Rear Wheel","variant_name":"LL Road Rear Wheel","category":"Components","list_price":112.57,"standard_cost":49.98,"finished_goods_flag":true},{"product_variant_id":214,"model":"ML Road Rear Wheel","variant_name":"ML Road Rear Wheel
,"standard_cost":360.94,"finished_goods_flag":true},{"product_variant_id":224,"model":"ML Road Frame-W","variant_name":"ML Road Frame-W - Yellow, 44","category":"Components","list_price":540.75,"standard_cost":300.12,"finished_goods_flag":true},{"product_v
rame - Black, 52","category":"Components","list_price":1301.36,"standard_cost":722.26,"finished_goods_flag":true},{"product_variant_id":235,"model":"HL Road Frame","variant_name":"HL Road Frame - Black, 52","category":"Components","list_price":1431.50,"sta
ts Shorts, L","category":"Clothing","list_price":59.99,"standard_cost":24.75,"finished_goods_flag":true},{"product_variant_id":246,"model":"Men's Sports Shorts","variant_name":"Men's Sports Shorts, XL","category":"Clothing","list_price":59.99,"standard_cos
","list_price":24.49,"standard_cost":9.16,"finished_goods_flag":true},{"product_variant_id":257,"model":"Half-Finger Gloves","variant_name":"Half-Finger Gloves, L","category":"Clothing","list_price":23.55,"standard_cost":9.71,"finished_goods_flag":true},{"
_price":69.99,"standard_cost":26.18,"finished_goods_flag":true},{"product_variant_id":268,"model":"Water Bottle","variant_name":"Water Bottle - 30 oz.","category":"Accessories","list_price":4.99,"standard_cost":1.87,"finished_goods_flag":true},{"product_va
7,"finished_goods_flag":true},{"product_variant_id":279,"model":"Short-Sleeve Classic Jersey","variant_name":"Short-Sleeve Classic Jersey, S","category":"Clothing","list_price":53.99,"standard_cost":41.57,"finished_goods_flag":true},{"product_variant_id":2
_id":289,"model":"HL Touring Frame","variant_name":"HL Touring Frame - Blue, 50","category":"Components","list_price":1003.91,"standard_cost":601.74,"finished_goods_flag":true},{"product_variant_id":290,"model":"HL Touring Frame","variant_name":"HL Touring
st_price":333.42,"standard_cost":199.85,"finished_goods_flag":true},{"product_variant_id":300,"model":"LL Touring Frame","variant_name":"LL Touring Frame - Yellow, 58","category":"Components","list_price":333.42,"standard_cost":199.85,"finished_goods_flag"
d":310,"model":"ML Road Seat\/Saddle 2","variant_name":"ML Road Seat\/Saddle","category":"Components","list_price":39.14,"standard_cost":17.38,"finished_goods_flag":true},{"product_variant_id":311,"model":"HL Road Seat\/Saddle 2","variant_name":"HL Road Se
":3.99,"standard_cost":1.49,"finished_goods_flag":true},{"product_variant_id":321,"model":"Touring Tire Tube","variant_name":"Touring Tire Tube","category":"Accessories","list_price":4.99,"standard_cost":1.87,"finished_goods_flag":true},{"product_variant_i
andard_cost":12.19,"finished_goods_flag":true},{"product_variant_id":332,"model":"Touring Tire","variant_name":"Touring Tire","category":"Accessories","list_price":28.99,"standard_cost":10.84,"finished_goods_flag":true},{"product_variant_id":333,"model":"L
shed_goods_flag":true},{"product_variant_id":343,"model":"Front Derailleur","variant_name":"Front Derailleur","category":"Components","list_price":91.49,"standard_cost":40.62,"finished_goods_flag":true},{"product_variant_id":344,"model":"LL Touring Handleb
":"Touring-1000 Yellow, 54","category":"Bikes","list_price":2384.07,"standard_cost":1481.94,"finished_goods_flag":true},{"product_variant_id":355,"model":"Touring-1000","variant_name":"Touring-1000 Yellow, 60","category":"Bikes","list_price":2384.07,"stand
e":2384.07,"standard_cost":1481.94,"finished_goods_flag":true},{"product_variant_id":366,"model":"Touring-1000","variant_name":"Touring-1000 Blue, 54","category":"Bikes","list_price":2384.07,"standard_cost":1481.94,"finished_goods_flag":true},{"product_var
riant_id":377,"model":"Touring-3000","variant_name":"Touring-3000 Blue, 50","category":"Bikes","list_price":742.35,"standard_cost":461.44,"finished_goods_flag":true},{"product_variant_id":378,"model":"Mountain-400-W","variant_name":"Mountain-400-W Silver, 
riant_name":"Mountain-500 Black, 42","category":"Bikes","list_price":539.99,"standard_cost":294.58,"finished_goods_flag":true},{"product_variant_id":389,"model":"Mountain-500","variant_name":"Mountain-500 Black, 44","category":"Bikes","list_price":539.99,"

(397 rows affected)


Completion time: 2025-12-15T23:47:30.0616954+00:00
